Modules list:
-------------
startup.o:
    ZEROPAGE          Offs=000000  Size=000006  Align=00001  Fill=0000
    STARTUP           Offs=000000  Size=000047  Align=00001  Fill=0000
main.o:
    CODE              Offs=000000  Size=001F79  Align=00001  Fill=0000
    RODATA            Offs=000000  Size=000161  Align=00001  Fill=0000
    BSS               Offs=000000  Size=001229  Align=00001  Fill=0000
    DATA              Offs=000000  Size=000019  Align=00001  Fill=0000
romwrap.o:
    CODE              Offs=001F79  Size=000071  Align=00001  Fill=0000
D:/cc65/lib/none.lib(add.o):
    CODE              Offs=001FEA  Size=00001C  Align=00001  Fill=0000
D:/cc65/lib/none.lib(addeqsp.o):
    CODE              Offs=002006  Size=000011  Align=00001  Fill=0000
D:/cc65/lib/none.lib(addysp.o):
    CODE              Offs=002017  Size=00000E  Align=00001  Fill=0000
D:/cc65/lib/none.lib(aslax1.o):
    CODE              Offs=002025  Size=000008  Align=00001  Fill=0000
D:/cc65/lib/none.lib(aslax2.o):
    CODE              Offs=00202D  Size=00000B  Align=00001  Fill=0000
D:/cc65/lib/none.lib(call.o):
    CODE              Offs=002038  Size=000007  Align=00001  Fill=0000
D:/cc65/lib/none.lib(decax1.o):
    CODE              Offs=00203F  Size=000007  Align=00001  Fill=0000
D:/cc65/lib/none.lib(decaxy.o):
    CODE              Offs=002046  Size=000009  Align=00001  Fill=0000
D:/cc65/lib/none.lib(decsp1.o):
    CODE              Offs=00204F  Size=000009  Align=00001  Fill=0000
D:/cc65/lib/none.lib(decsp2.o):
    CODE              Offs=002058  Size=00000D  Align=00001  Fill=0000
D:/cc65/lib/none.lib(decsp3.o):
    CODE              Offs=002065  Size=00000D  Align=00001  Fill=0000
D:/cc65/lib/none.lib(decsp4.o):
    CODE              Offs=002072  Size=00000D  Align=00001  Fill=0000
D:/cc65/lib/none.lib(decsp5.o):
    CODE              Offs=00207F  Size=00000D  Align=00001  Fill=0000
D:/cc65/lib/none.lib(decsp7.o):
    CODE              Offs=00208C  Size=00000D  Align=00001  Fill=0000
D:/cc65/lib/none.lib(div.o):
    CODE              Offs=002099  Size=000015  Align=00001  Fill=0000
D:/cc65/lib/none.lib(eq.o):
    CODE              Offs=0020AE  Size=00000A  Align=00001  Fill=0000
D:/cc65/lib/none.lib(gt.o):
    CODE              Offs=0020B8  Size=00000A  Align=00001  Fill=0000
D:/cc65/lib/none.lib(icmp.o):
    CODE              Offs=0020C2  Size=00002E  Align=00001  Fill=0000
D:/cc65/lib/none.lib(incax1.o):
    CODE              Offs=0020F0  Size=000007  Align=00001  Fill=0000
D:/cc65/lib/none.lib(incaxy.o):
    CODE              Offs=0020F7  Size=00000B  Align=00001  Fill=0000
D:/cc65/lib/none.lib(incsp1.o):
    CODE              Offs=002102  Size=000007  Align=00001  Fill=0000
D:/cc65/lib/none.lib(incsp2.o):
    CODE              Offs=002109  Size=000016  Align=00001  Fill=0000
D:/cc65/lib/none.lib(incsp3.o):
    CODE              Offs=00211F  Size=000005  Align=00001  Fill=0000
D:/cc65/lib/none.lib(incsp4.o):
    CODE              Offs=002124  Size=000005  Align=00001  Fill=0000
D:/cc65/lib/none.lib(incsp5.o):
    CODE              Offs=002129  Size=000005  Align=00001  Fill=0000
D:/cc65/lib/none.lib(incsp6.o):
    CODE              Offs=00212E  Size=000005  Align=00001  Fill=0000
D:/cc65/lib/none.lib(incsp8.o):
    CODE              Offs=002133  Size=000005  Align=00001  Fill=0000
D:/cc65/lib/none.lib(jmpvec.o):
    DATA              Offs=000019  Size=000003  Align=00001  Fill=0000
D:/cc65/lib/none.lib(ldai.o):
    CODE              Offs=002138  Size=00000C  Align=00001  Fill=0000
D:/cc65/lib/none.lib(ldaxi.o):
    CODE              Offs=002144  Size=00000D  Align=00001  Fill=0000
D:/cc65/lib/none.lib(ldaxsp.o):
    CODE              Offs=002151  Size=000009  Align=00001  Fill=0000
D:/cc65/lib/none.lib(leaaxsp.o):
    CODE              Offs=00215A  Size=00000C  Align=00001  Fill=0000
D:/cc65/lib/none.lib(lt.o):
    CODE              Offs=002166  Size=00000A  Align=00001  Fill=0000
D:/cc65/lib/none.lib(makebool.o):
    CODE              Offs=002170  Size=00002C  Align=00001  Fill=0000
D:/cc65/lib/none.lib(mod.o):
    CODE              Offs=00219C  Size=000011  Align=00001  Fill=0000
D:/cc65/lib/none.lib(mul.o):
    CODE              Offs=0021AD  Size=000045  Align=00001  Fill=0000
D:/cc65/lib/none.lib(mul8.o):
    CODE              Offs=0021F2  Size=00003A  Align=00001  Fill=0000
D:/cc65/lib/none.lib(mulax10.o):
    CODE              Offs=00222C  Size=000019  Align=00001  Fill=0000
D:/cc65/lib/none.lib(mulax7.o):
    CODE              Offs=002245  Size=000019  Align=00001  Fill=0000
D:/cc65/lib/none.lib(negabs.o):
    CODE              Offs=00225E  Size=000012  Align=00001  Fill=0000
D:/cc65/lib/none.lib(popptr1.o):
    CODE              Offs=002270  Size=00000E  Align=00001  Fill=0000
D:/cc65/lib/none.lib(pusha.o):
    CODE              Offs=00227E  Size=000016  Align=00001  Fill=0000
D:/cc65/lib/none.lib(pushax.o):
    CODE              Offs=002294  Size=00001A  Align=00001  Fill=0000
D:/cc65/lib/none.lib(pushw.o):
    CODE              Offs=0022AE  Size=00000F  Align=00001  Fill=0000
D:/cc65/lib/none.lib(pushwsp.o):
    CODE              Offs=0022BD  Size=00001C  Align=00001  Fill=0000
D:/cc65/lib/none.lib(shelp.o):
    CODE              Offs=0022D9  Size=000020  Align=00001  Fill=0000
D:/cc65/lib/none.lib(staspidx.o):
    CODE              Offs=0022F9  Size=000016  Align=00001  Fill=0000
D:/cc65/lib/none.lib(staxsp.o):
    CODE              Offs=00230F  Size=00000B  Align=00001  Fill=0000
D:/cc65/lib/none.lib(staxspi.o):
    CODE              Offs=00231A  Size=00001B  Align=00001  Fill=0000
D:/cc65/lib/none.lib(subeqsp.o):
    CODE              Offs=002335  Size=000015  Align=00001  Fill=0000
D:/cc65/lib/none.lib(subysp.o):
    CODE              Offs=00234A  Size=00000D  Align=00001  Fill=0000
D:/cc65/lib/none.lib(udiv.o):
    CODE              Offs=002357  Size=00004F  Align=00001  Fill=0000
D:/cc65/lib/none.lib(zeropage.o):
    ZEROPAGE          Offs=000006  Size=00001A  Align=00001  Fill=0000


Segment list:
-------------
Name                   Start     End    Size  Align
----------------------------------------------------
ZEROPAGE              000020  00003F  000020  00001
STARTUP               000800  000846  000047  00001
CODE                  000847  002BEC  0023A6  00001
RODATA                002BED  002D4D  000161  00001
DATA                  002D4E  002D69  00001C  00001
BSS                   002D6A  003F92  001229  00001


Exports list by name:
---------------------
__BSS_RUN__               002D6A RLA    __BSS_SIZE__              001229 REA    
__STARTUP__               000001 REA    _main                     00250E RLA    
_mfs_create_wrap          0027E2 RLA    _mfs_delete_wrap          002827 RLA    
_mfs_open_wrap            0027D8 RLA    _mfs_write_wrap           002804 RLA    
addeq0sp                  00284D RLA    addeqysp                  00284F RLA    
addysp                    00285F RLA    aslax1                    00286C RLA    
aslax2                    002874 RLA    booleq                    0029BD RLA    
boolgt                    0029CC RLA    boollt                    0029C6 RLA    
boolne                    0029B7 RLA    callax                    00287F RLA    
decax1                    002886 RLA    decaxy                    00288D RLA    
decsp1                    002896 RLA    decsp2                    00289F RLA    
decsp3                    0028AC RLA    decsp4                    0028B9 RLA    
decsp5                    0028C6 RLA    decsp7                    0028D3 RLA    
incax1                    002937 RLA    incaxy                    002940 RLA    
incsp1                    002949 RLA    incsp2                    002958 RLA    
incsp3                    002966 RLA    incsp4                    00296B RLA    
incsp5                    002970 RLA    incsp6                    002975 RLA    
incsp8                    00297A RLA    jmpvec                    002D67 RLA    
ldaidx                    00297F RLA    ldax0sp                   002998 RLA    
ldaxi                     00298B RLA    ldaxidx                   00298D RLA    
ldaxysp                   00299A RLA    leaa0sp                   0029A1 RLA    
mul8x16                   002A3B RLA    mul8x16a                  002A45 RLA    
mulax10                   002A73 RLA    mulax7                    002A8C RLA    
negax                     002AA9 RLA    popax                     002950 RLA    
popptr1                   002AB7 RLA    popsargsudiv16            002B20 RLA    
ptr1                      00002E RLZ    ptr4                      000034 RLZ    
push0                     002ADB RLA    pusha                     002AC9 RLA    
pusha0                    002ADD RLA    pushax                    002ADF RLA    
pushw                     002AF5 RLA    pushwysp                  002B06 RLA    
regsave                   00002A RLZ    sp                        000026 RLZ    
sreg                      000028 RLZ    staspidx                  002B40 RLA    
stax0sp                   002B56 RLA    staxspidx                 002B61 RLA    
staxysp                   002B58 RLA    subeqysp                  002B7E RLA    
subysp                    002B91 RLA    tmp1                      000036 RLZ    
tmp2                      000037 RLZ    tosaddax                  002833 RLA    
tosdiva0                  0028E0 RLA    tosdivax                  0028E2 RLA    
toseqax                   0028F9 RLA    tosgtax                   002903 RLA    
tosicmp                   00290B RLA    tosicmp0                  002909 RLA    
tosltax                   0029B1 RLA    tosmoda0                  0029E3 RLA    
tosmodax                  0029E5 RLA    tosmulax                  0029F4 RLA    
udiv16                    002BAF RLA    


Exports list by value:
----------------------
__STARTUP__               000001 REA    sp                        000026 RLZ    
sreg                      000028 RLZ    regsave                   00002A RLZ    
ptr1                      00002E RLZ    ptr4                      000034 RLZ    
tmp1                      000036 RLZ    tmp2                      000037 RLZ    
__BSS_SIZE__              001229 REA    _main                     00250E RLA    
_mfs_open_wrap            0027D8 RLA    _mfs_create_wrap          0027E2 RLA    
_mfs_write_wrap           002804 RLA    _mfs_delete_wrap          002827 RLA    
tosaddax                  002833 RLA    addeq0sp                  00284D RLA    
addeqysp                  00284F RLA    addysp                    00285F RLA    
aslax1                    00286C RLA    aslax2                    002874 RLA    
callax                    00287F RLA    decax1                    002886 RLA    
decaxy                    00288D RLA    decsp1                    002896 RLA    
decsp2                    00289F RLA    decsp3                    0028AC RLA    
decsp4                    0028B9 RLA    decsp5                    0028C6 RLA    
decsp7                    0028D3 RLA    tosdiva0                  0028E0 RLA    
tosdivax                  0028E2 RLA    toseqax                   0028F9 RLA    
tosgtax                   002903 RLA    tosicmp0                  002909 RLA    
tosicmp                   00290B RLA    incax1                    002937 RLA    
incaxy                    002940 RLA    incsp1                    002949 RLA    
popax                     002950 RLA    incsp2                    002958 RLA    
incsp3                    002966 RLA    incsp4                    00296B RLA    
incsp5                    002970 RLA    incsp6                    002975 RLA    
incsp8                    00297A RLA    ldaidx                    00297F RLA    
ldaxi                     00298B RLA    ldaxidx                   00298D RLA    
ldax0sp                   002998 RLA    ldaxysp                   00299A RLA    
leaa0sp                   0029A1 RLA    tosltax                   0029B1 RLA    
boolne                    0029B7 RLA    booleq                    0029BD RLA    
boollt                    0029C6 RLA    boolgt                    0029CC RLA    
tosmoda0                  0029E3 RLA    tosmodax                  0029E5 RLA    
tosmulax                  0029F4 RLA    mul8x16                   002A3B RLA    
mul8x16a                  002A45 RLA    mulax10                   002A73 RLA    
mulax7                    002A8C RLA    negax                     002AA9 RLA    
popptr1                   002AB7 RLA    pusha                     002AC9 RLA    
push0                     002ADB RLA    pusha0                    002ADD RLA    
pushax                    002ADF RLA    pushw                     002AF5 RLA    
pushwysp                  002B06 RLA    popsargsudiv16            002B20 RLA    
staspidx                  002B40 RLA    stax0sp                   002B56 RLA    
staxysp                   002B58 RLA    staxspidx                 002B61 RLA    
subeqysp                  002B7E RLA    subysp                    002B91 RLA    
udiv16                    002BAF RLA    jmpvec                    002D67 RLA    
__BSS_RUN__               002D6A RLA    


Imports list:
-------------
__BSS_RUN__ ([linker generated]):
    startup.o                 src/startup.s(12)
__BSS_SIZE__ ([linker generated]):
    startup.o                 src/startup.s(12)
__STARTUP__ (startup.o):
    main.o                    src/main.s(13)
_main (main.o):
    startup.o                 src/startup.s(11)
_mfs_create_wrap (romwrap.o):
    main.o                    src/main.s(14)
_mfs_delete_wrap (romwrap.o):
    main.o                    src/main.s(16)
_mfs_open_wrap (romwrap.o):
    main.o                    src/main.s(17)
_mfs_write_wrap (romwrap.o):
    main.o                    src/main.s(15)
addeq0sp (addeqsp.o):
    main.o                    src/main.s(3961)
    main.o                    src/main.s(3961)
addeqysp (addeqsp.o):
    main.o                    src/main.s(3961)
    main.o                    src/main.s(3961)
    main.o                    src/main.s(3961)
    main.o                    src/main.s(3961)
addysp (addysp.o):
    incsp8.o                  runtime/incsp8.s(8)
    incsp6.o                  runtime/incsp6.s(8)
    incsp5.o                  runtime/incsp5.s(8)
    incsp4.o                  runtime/incsp4.s(8)
    incsp3.o                  runtime/incsp3.s(8)
    main.o                    src/main.s(3961)
    main.o                    src/main.s(3961)
    main.o                    src/main.s(3961)
    main.o                    src/main.s(3961)
aslax1 (aslax1.o):
    main.o                    src/main.s(3961)
    main.o                    src/main.s(3961)
aslax2 (aslax2.o):
    main.o                    src/main.s(3961)
booleq (makebool.o):
    eq.o                      runtime/eq.s(8)
boolgt (makebool.o):
    gt.o                      runtime/gt.s(8)
boollt (makebool.o):
    lt.o                      runtime/lt.s(8)
boolne (makebool.o):
    main.o                    src/main.s(3961)
callax (call.o):
    main.o                    src/main.s(3961)
decax1 (decax1.o):
    main.o                    src/main.s(3961)
decaxy (decaxy.o):
    main.o                    src/main.s(3961)
    main.o                    src/main.s(3961)
    main.o                    src/main.s(3961)
decsp1 (decsp1.o):
    main.o                    src/main.s(3961)
decsp2 (decsp2.o):
    main.o                    src/main.s(3961)
decsp3 (decsp3.o):
    main.o                    src/main.s(3961)
    main.o                    src/main.s(3961)
decsp4 (decsp4.o):
    main.o                    src/main.s(3961)
decsp5 (decsp5.o):
    main.o                    src/main.s(3961)
decsp7 (decsp7.o):
    main.o                    src/main.s(3961)
incax1 (incax1.o):
    main.o                    src/main.s(3961)
    main.o                    src/main.s(3961)
    main.o                    src/main.s(3961)
    main.o                    src/main.s(3961)
    main.o                    src/main.s(3961)
    main.o                    src/main.s(3961)
    main.o                    src/main.s(3961)
    main.o                    src/main.s(3961)
    main.o                    src/main.s(3961)
    main.o                    src/main.s(3961)
    main.o                    src/main.s(3961)
    main.o                    src/main.s(3961)
incaxy (incaxy.o):
    main.o                    src/main.s(3961)
incsp1 (incsp1.o):
    main.o                    src/main.s(3961)
    main.o                    src/main.s(3961)
    main.o                    src/main.s(3961)
    main.o                    src/main.s(3961)
incsp2 (incsp2.o):
    staxspi.o                 runtime/staxspi.s(9)
    staspidx.o                runtime/staspidx.s(8)
    popptr1.o                 runtime/popptr1.s(8)
    main.o                    src/main.s(3961)
    main.o                    src/main.s(3961)
    main.o                    src/main.s(3961)
incsp3 (incsp3.o):
    main.o                    src/main.s(3961)
incsp4 (incsp4.o):
    main.o                    src/main.s(3961)
incsp5 (incsp5.o):
    main.o                    src/main.s(3961)
    main.o                    src/main.s(3961)
    main.o                    src/main.s(3961)
incsp6 (incsp6.o):
    main.o                    src/main.s(3961)
    main.o                    src/main.s(3961)
incsp8 (incsp8.o):
    main.o                    src/main.s(3961)
jmpvec (jmpvec.o):
    main.o                    src/main.s(3961)
    main.o                    src/main.s(3961)
ldaidx (ldai.o):
    main.o                    src/main.s(3961)
ldax0sp (ldaxsp.o):
    main.o                    src/main.s(3961)
    main.o                    src/main.s(3961)
    main.o                    src/main.s(3961)
    main.o                    src/main.s(3961)
    main.o                    src/main.s(3961)
    main.o                    src/main.s(3961)
    main.o                    src/main.s(3961)
ldaxi (ldaxi.o):
    main.o                    src/main.s(3961)
    main.o                    src/main.s(3961)
ldaxidx (ldaxi.o):
    main.o                    src/main.s(3961)
ldaxysp (ldaxsp.o):
    main.o                    src/main.s(3961)
    main.o                    src/main.s(3961)
    main.o                    src/main.s(3961)
    main.o                    src/main.s(3961)
    main.o                    src/main.s(3961)
    main.o                    src/main.s(3961)
    main.o                    src/main.s(3961)
    main.o                    src/main.s(3961)
    main.o                    src/main.s(3961)
    main.o                    src/main.s(3961)
    main.o                    src/main.s(3961)
    main.o                    src/main.s(3961)
    main.o                    src/main.s(3961)
leaa0sp (leaaxsp.o):
    main.o                    src/main.s(3961)
    main.o                    src/main.s(3961)
mul8x16 (mul8.o):
    mul.o                     runtime/mul.s(8)
mul8x16a (mul8.o):
    mul.o                     runtime/mul.s(8)
mulax10 (mulax10.o):
    main.o                    src/main.s(3961)
    main.o                    src/main.s(3961)
    main.o                    src/main.s(3961)
mulax7 (mulax7.o):
    main.o                    src/main.s(3961)
negax (negabs.o):
    shelp.o                   runtime/shelp.s(11)
    mod.o                     runtime/mod.s(11)
    div.o                     runtime/div.s(11)
    main.o                    src/main.s(3961)
popax (incsp2.o):
    shelp.o                   runtime/shelp.s(11)
popptr1 (popptr1.o):
    udiv.o                    runtime/udiv.s(9)
    mul8.o                    runtime/mul8.s(9)
    mul.o                     runtime/mul.s(9)
popsargsudiv16 (shelp.o):
    mod.o                     runtime/mod.s(11)
    div.o                     runtime/div.s(11)
ptr1 (zeropage.o):
    udiv.o                    runtime/udiv.s(10)
    staxspi.o                 runtime/staxspi.s(10)
    staspidx.o                runtime/staspidx.s(9)
    shelp.o                   runtime/shelp.s(12)
    pushw.o                   runtime/pushw.s(9)
    popptr1.o                 runtime/popptr1.s(9)
    mulax7.o                  runtime/mulax7.s(10)
    mulax10.o                 runtime/mulax10.s(9)
    mul8.o                    runtime/mul8.s(10)
    mul.o                     runtime/mul.s(10)
    ldaxi.o                   runtime/ldaxi.s(8)
    ldai.o                    runtime/ldai.s(8)
    div.o                     runtime/div.s(12)
    call.o                    runtime/call.s(8)
    main.o                    src/main.s(11)
ptr4 (zeropage.o):
    udiv.o                    runtime/udiv.s(10)
    shelp.o                   runtime/shelp.s(12)
    mul8.o                    runtime/mul8.s(10)
    mul.o                     runtime/mul.s(10)
push0 (pushax.o):
    main.o                    src/main.s(3961)
    main.o                    src/main.s(3961)
    main.o                    src/main.s(3961)
pusha (pusha.o):
    main.o                    src/main.s(3961)
    main.o                    src/main.s(3961)
    main.o                    src/main.s(3961)
    main.o                    src/main.s(3961)
    main.o                    src/main.s(3961)
    main.o                    src/main.s(3961)
    main.o                    src/main.s(3961)
    main.o                    src/main.s(3961)
pusha0 (pushax.o):
    main.o                    src/main.s(3961)
    main.o                    src/main.s(3961)
pushax (pushax.o):
    pushw.o                   runtime/pushw.s(8)
    main.o                    src/main.s(3961)
    main.o                    src/main.s(3961)
    main.o                    src/main.s(3961)
    main.o                    src/main.s(3961)
    main.o                    src/main.s(3961)
    main.o                    src/main.s(3961)
    main.o                    src/main.s(3961)
    main.o                    src/main.s(3961)
    main.o                    src/main.s(3961)
    main.o                    src/main.s(3961)
    main.o                    src/main.s(3961)
    main.o                    src/main.s(3961)
    main.o                    src/main.s(3961)
pushw (pushw.o):
    main.o                    src/main.s(3961)
pushwysp (pushwsp.o):
    main.o                    src/main.s(3961)
    main.o                    src/main.s(3961)
    main.o                    src/main.s(3961)
    main.o                    src/main.s(3961)
    main.o                    src/main.s(3961)
    main.o                    src/main.s(3961)
    main.o                    src/main.s(3961)
regsave (zeropage.o):
    main.o                    src/main.s(10)
sp (zeropage.o):
    subysp.o                  runtime/subysp.s(9)
    subeqsp.o                 runtime/subeqsp.s(8)
    staxspi.o                 runtime/staxspi.s(10)
    staxsp.o                  runtime/staxsp.s(8)
    staspidx.o                runtime/staspidx.s(9)
    pushwsp.o                 runtime/pushwsp.s(8)
    pushax.o                  runtime/pushax.s(8)
    pusha.o                   runtime/pusha.s(8)
    popptr1.o                 runtime/popptr1.s(9)
    leaaxsp.o                 runtime/leaaxsp.s(8)
    ldaxsp.o                  runtime/ldaxsp.s(8)
    incsp2.o                  runtime/incsp2.s(8)
    incsp1.o                  runtime/incsp1.s(8)
    icmp.o                    runtime/icmp.s(9)
    decsp7.o                  runtime/decsp7.s(8)
    decsp5.o                  runtime/decsp5.s(8)
    decsp4.o                  runtime/decsp4.s(8)
    decsp3.o                  runtime/decsp3.s(8)
    decsp2.o                  runtime/decsp2.s(8)
    decsp1.o                  runtime/decsp1.s(8)
    addysp.o                  runtime/addysp.s(8)
    addeqsp.o                 runtime/addeqsp.s(8)
    add.o                     runtime/add.s(12)
    main.o                    src/main.s(10)
    startup.o                 src/startup.s(13)
sreg (zeropage.o):
    udiv.o                    runtime/udiv.s(10)
    mod.o                     runtime/mod.s(12)
    icmp.o                    runtime/icmp.s(9)
staspidx (staspidx.o):
    main.o                    src/main.s(3961)
    main.o                    src/main.s(3961)
    main.o                    src/main.s(3961)
    main.o                    src/main.s(3961)
stax0sp (staxsp.o):
    main.o                    src/main.s(3961)
    main.o                    src/main.s(3961)
    main.o                    src/main.s(3961)
    main.o                    src/main.s(3961)
    main.o                    src/main.s(3961)
    main.o                    src/main.s(3961)
    main.o                    src/main.s(3961)
    main.o                    src/main.s(3961)
    main.o                    src/main.s(3961)
    main.o                    src/main.s(3961)
staxspidx (staxspi.o):
    main.o                    src/main.s(3961)
staxysp (staxsp.o):
    main.o                    src/main.s(3961)
    main.o                    src/main.s(3961)
    main.o                    src/main.s(3961)
    main.o                    src/main.s(3961)
    main.o                    src/main.s(3961)
    main.o                    src/main.s(3961)
    main.o                    src/main.s(3961)
    main.o                    src/main.s(3961)
    main.o                    src/main.s(3961)
    main.o                    src/main.s(3961)
    main.o                    src/main.s(3961)
subeqysp (subeqsp.o):
    main.o                    src/main.s(3961)
subysp (subysp.o):
    main.o                    src/main.s(3961)
    main.o                    src/main.s(3961)
    main.o                    src/main.s(3961)
tmp1 (zeropage.o):
    staxspi.o                 runtime/staxspi.s(10)
    staspidx.o                runtime/staspidx.s(9)
    shelp.o                   runtime/shelp.s(12)
    mul.o                     runtime/mul.s(10)
    mod.o                     runtime/mod.s(12)
    incaxy.o                  runtime/incaxy.s(8)
    div.o                     runtime/div.s(12)
    decaxy.o                  runtime/decaxy.s(8)
    aslax2.o                  runtime/aslax2.s(8)
    aslax1.o                  runtime/aslax1.s(8)
    add.o                     runtime/add.s(12)
    main.o                    src/main.s(11)
tmp2 (zeropage.o):
    shelp.o                   runtime/shelp.s(12)
    div.o                     runtime/div.s(12)
tosaddax (add.o):
    main.o                    src/main.s(3961)
    main.o                    src/main.s(3961)
    main.o                    src/main.s(3961)
    main.o                    src/main.s(3961)
    main.o                    src/main.s(3961)
tosdiva0 (div.o):
    main.o                    src/main.s(3961)
tosdivax (div.o):
    main.o                    src/main.s(3961)
toseqax (eq.o):
    main.o                    src/main.s(3961)
tosgtax (gt.o):
    main.o                    src/main.s(3961)
tosicmp (icmp.o):
    lt.o                      runtime/lt.s(8)
    gt.o                      runtime/gt.s(8)
    eq.o                      runtime/eq.s(8)
tosicmp0 (icmp.o):
    main.o                    src/main.s(3961)
tosltax (lt.o):
    main.o                    src/main.s(3961)
tosmoda0 (mod.o):
    main.o                    src/main.s(3961)
tosmodax (mod.o):
    main.o                    src/main.s(3961)
tosmulax (mul.o):
    main.o                    src/main.s(3961)
    main.o                    src/main.s(3961)
udiv16 (udiv.o):
    shelp.o                   runtime/shelp.s(11)

