Modules list:
-------------
startup.o:
    ZEROPAGE          Offs=000000  Size=000006  Align=00001  Fill=0000
    STARTUP           Offs=000000  Size=000047  Align=00001  Fill=0000
main.o:
    CODE              Offs=000000  Size=001F6A  Align=00001  Fill=0000
    RODATA            Offs=000000  Size=000162  Align=00001  Fill=0000
    BSS               Offs=000000  Size=00128D  Align=00001  Fill=0000
    DATA              Offs=000000  Size=000005  Align=00001  Fill=0000
D:/cc65/lib/none.lib(add.o):
    CODE              Offs=001F6A  Size=00001C  Align=00001  Fill=0000
D:/cc65/lib/none.lib(addeqsp.o):
    CODE              Offs=001F86  Size=000011  Align=00001  Fill=0000
D:/cc65/lib/none.lib(addysp.o):
    CODE              Offs=001F97  Size=00000E  Align=00001  Fill=0000
D:/cc65/lib/none.lib(aslax1.o):
    CODE              Offs=001FA5  Size=000008  Align=00001  Fill=0000
D:/cc65/lib/none.lib(aslax2.o):
    CODE              Offs=001FAD  Size=00000B  Align=00001  Fill=0000
D:/cc65/lib/none.lib(call.o):
    CODE              Offs=001FB8  Size=000007  Align=00001  Fill=0000
D:/cc65/lib/none.lib(decax1.o):
    CODE              Offs=001FBF  Size=000007  Align=00001  Fill=0000
D:/cc65/lib/none.lib(decaxy.o):
    CODE              Offs=001FC6  Size=000009  Align=00001  Fill=0000
D:/cc65/lib/none.lib(decsp1.o):
    CODE              Offs=001FCF  Size=000009  Align=00001  Fill=0000
D:/cc65/lib/none.lib(decsp2.o):
    CODE              Offs=001FD8  Size=00000D  Align=00001  Fill=0000
D:/cc65/lib/none.lib(decsp3.o):
    CODE              Offs=001FE5  Size=00000D  Align=00001  Fill=0000
D:/cc65/lib/none.lib(decsp4.o):
    CODE              Offs=001FF2  Size=00000D  Align=00001  Fill=0000
D:/cc65/lib/none.lib(decsp5.o):
    CODE              Offs=001FFF  Size=00000D  Align=00001  Fill=0000
D:/cc65/lib/none.lib(decsp7.o):
    CODE              Offs=00200C  Size=00000D  Align=00001  Fill=0000
D:/cc65/lib/none.lib(div.o):
    CODE              Offs=002019  Size=000015  Align=00001  Fill=0000
D:/cc65/lib/none.lib(eq.o):
    CODE              Offs=00202E  Size=00000A  Align=00001  Fill=0000
D:/cc65/lib/none.lib(gt.o):
    CODE              Offs=002038  Size=00000A  Align=00001  Fill=0000
D:/cc65/lib/none.lib(icmp.o):
    CODE              Offs=002042  Size=00002E  Align=00001  Fill=0000
D:/cc65/lib/none.lib(incax1.o):
    CODE              Offs=002070  Size=000007  Align=00001  Fill=0000
D:/cc65/lib/none.lib(incaxy.o):
    CODE              Offs=002077  Size=00000B  Align=00001  Fill=0000
D:/cc65/lib/none.lib(incsp1.o):
    CODE              Offs=002082  Size=000007  Align=00001  Fill=0000
D:/cc65/lib/none.lib(incsp2.o):
    CODE              Offs=002089  Size=000016  Align=00001  Fill=0000
D:/cc65/lib/none.lib(incsp3.o):
    CODE              Offs=00209F  Size=000005  Align=00001  Fill=0000
D:/cc65/lib/none.lib(incsp4.o):
    CODE              Offs=0020A4  Size=000005  Align=00001  Fill=0000
D:/cc65/lib/none.lib(incsp5.o):
    CODE              Offs=0020A9  Size=000005  Align=00001  Fill=0000
D:/cc65/lib/none.lib(incsp6.o):
    CODE              Offs=0020AE  Size=000005  Align=00001  Fill=0000
D:/cc65/lib/none.lib(incsp8.o):
    CODE              Offs=0020B3  Size=000005  Align=00001  Fill=0000
D:/cc65/lib/none.lib(jmpvec.o):
    DATA              Offs=000005  Size=000003  Align=00001  Fill=0000
D:/cc65/lib/none.lib(ldai.o):
    CODE              Offs=0020B8  Size=00000C  Align=00001  Fill=0000
D:/cc65/lib/none.lib(ldaxi.o):
    CODE              Offs=0020C4  Size=00000D  Align=00001  Fill=0000
D:/cc65/lib/none.lib(ldaxsp.o):
    CODE              Offs=0020D1  Size=000009  Align=00001  Fill=0000
D:/cc65/lib/none.lib(leaaxsp.o):
    CODE              Offs=0020DA  Size=00000C  Align=00001  Fill=0000
D:/cc65/lib/none.lib(lt.o):
    CODE              Offs=0020E6  Size=00000A  Align=00001  Fill=0000
D:/cc65/lib/none.lib(makebool.o):
    CODE              Offs=0020F0  Size=00002C  Align=00001  Fill=0000
D:/cc65/lib/none.lib(mod.o):
    CODE              Offs=00211C  Size=000011  Align=00001  Fill=0000
D:/cc65/lib/none.lib(mul.o):
    CODE              Offs=00212D  Size=000045  Align=00001  Fill=0000
D:/cc65/lib/none.lib(mul8.o):
    CODE              Offs=002172  Size=00003A  Align=00001  Fill=0000
D:/cc65/lib/none.lib(mulax10.o):
    CODE              Offs=0021AC  Size=000019  Align=00001  Fill=0000
D:/cc65/lib/none.lib(mulax7.o):
    CODE              Offs=0021C5  Size=000019  Align=00001  Fill=0000
D:/cc65/lib/none.lib(negabs.o):
    CODE              Offs=0021DE  Size=000012  Align=00001  Fill=0000
D:/cc65/lib/none.lib(popptr1.o):
    CODE              Offs=0021F0  Size=00000E  Align=00001  Fill=0000
D:/cc65/lib/none.lib(pusha.o):
    CODE              Offs=0021FE  Size=000016  Align=00001  Fill=0000
D:/cc65/lib/none.lib(pushax.o):
    CODE              Offs=002214  Size=00001A  Align=00001  Fill=0000
D:/cc65/lib/none.lib(pushw.o):
    CODE              Offs=00222E  Size=00000F  Align=00001  Fill=0000
D:/cc65/lib/none.lib(pushwsp.o):
    CODE              Offs=00223D  Size=00001C  Align=00001  Fill=0000
D:/cc65/lib/none.lib(shelp.o):
    CODE              Offs=002259  Size=000020  Align=00001  Fill=0000
D:/cc65/lib/none.lib(staspidx.o):
    CODE              Offs=002279  Size=000016  Align=00001  Fill=0000
D:/cc65/lib/none.lib(staxsp.o):
    CODE              Offs=00228F  Size=00000B  Align=00001  Fill=0000
D:/cc65/lib/none.lib(staxspi.o):
    CODE              Offs=00229A  Size=00001B  Align=00001  Fill=0000
D:/cc65/lib/none.lib(subeqsp.o):
    CODE              Offs=0022B5  Size=000015  Align=00001  Fill=0000
D:/cc65/lib/none.lib(subysp.o):
    CODE              Offs=0022CA  Size=00000D  Align=00001  Fill=0000
D:/cc65/lib/none.lib(udiv.o):
    CODE              Offs=0022D7  Size=00004F  Align=00001  Fill=0000
D:/cc65/lib/none.lib(zeropage.o):
    ZEROPAGE          Offs=000006  Size=00001A  Align=00001  Fill=0000


Segment list:
-------------
Name                   Start     End    Size  Align
----------------------------------------------------
ZEROPAGE              000020  00003F  000020  00001
STARTUP               000800  000846  000047  00001
CODE                  000847  002B6C  002326  00001
RODATA                002B6D  002CCE  000162  00001
DATA                  002CCF  002CD6  000008  00001
BSS                   002CD7  003F63  00128D  00001


Exports list by name:
---------------------
__BSS_RUN__               002CD7 RLA    __BSS_SIZE__              00128D REA    
__STACKSTART__            003FFE REA    __STARTUP__               000001 REA    
_main                     0024FF RLA    addeq0sp                  0027CD RLA    
addeqysp                  0027CF RLA    addysp                    0027DF RLA    
aslax1                    0027EC RLA    aslax2                    0027F4 RLA    
booleq                    00293D RLA    boolgt                    00294C RLA    
boollt                    002946 RLA    boolne                    002937 RLA    
callax                    0027FF RLA    decax1                    002806 RLA    
decaxy                    00280D RLA    decsp1                    002816 RLA    
decsp2                    00281F RLA    decsp3                    00282C RLA    
decsp4                    002839 RLA    decsp5                    002846 RLA    
decsp7                    002853 RLA    incax1                    0028B7 RLA    
incaxy                    0028C0 RLA    incsp1                    0028C9 RLA    
incsp2                    0028D8 RLA    incsp3                    0028E6 RLA    
incsp4                    0028EB RLA    incsp5                    0028F0 RLA    
incsp6                    0028F5 RLA    incsp8                    0028FA RLA    
jmpvec                    002CD4 RLA    ldaidx                    0028FF RLA    
ldax0sp                   002918 RLA    ldaxi                     00290B RLA    
ldaxidx                   00290D RLA    ldaxysp                   00291A RLA    
leaa0sp                   002921 RLA    mul8x16                   0029BB RLA    
mul8x16a                  0029C5 RLA    mulax10                   0029F3 RLA    
mulax7                    002A0C RLA    negax                     002A29 RLA    
popax                     0028D0 RLA    popptr1                   002A37 RLA    
popsargsudiv16            002AA0 RLA    ptr1                      00002E RLZ    
ptr4                      000034 RLZ    push0                     002A5B RLA    
pusha                     002A49 RLA    pusha0                    002A5D RLA    
pushax                    002A5F RLA    pushw                     002A75 RLA    
pushwysp                  002A86 RLA    regsave                   00002A RLZ    
sp                        000026 RLZ    sreg                      000028 RLZ    
staspidx                  002AC0 RLA    stax0sp                   002AD6 RLA    
staxspidx                 002AE1 RLA    staxysp                   002AD8 RLA    
subeqysp                  002AFE RLA    subysp                    002B11 RLA    
tmp1                      000036 RLZ    tmp2                      000037 RLZ    
tosaddax                  0027B3 RLA    tosdiva0                  002860 RLA    
tosdivax                  002862 RLA    toseqax                   002879 RLA    
tosgtax                   002883 RLA    tosicmp                   00288B RLA    
tosicmp0                  002889 RLA    tosltax                   002931 RLA    
tosmoda0                  002963 RLA    tosmodax                  002965 RLA    
tosmulax                  002974 RLA    udiv16                    002B2F RLA    



Exports list by value:
----------------------
__STARTUP__               000001 REA    sp                        000026 RLZ    
sreg                      000028 RLZ    regsave                   00002A RLZ    
ptr1                      00002E RLZ    ptr4                      000034 RLZ    
tmp1                      000036 RLZ    tmp2                      000037 RLZ    
__BSS_SIZE__              00128D REA    _main                     0024FF RLA    
tosaddax                  0027B3 RLA    addeq0sp                  0027CD RLA    
addeqysp                  0027CF RLA    addysp                    0027DF RLA    
aslax1                    0027EC RLA    aslax2                    0027F4 RLA    
callax                    0027FF RLA    decax1                    002806 RLA    
decaxy                    00280D RLA    decsp1                    002816 RLA    
decsp2                    00281F RLA    decsp3                    00282C RLA    
decsp4                    002839 RLA    decsp5                    002846 RLA    
decsp7                    002853 RLA    tosdiva0                  002860 RLA    
tosdivax                  002862 RLA    toseqax                   002879 RLA    
tosgtax                   002883 RLA    tosicmp0                  002889 RLA    
tosicmp                   00288B RLA    incax1                    0028B7 RLA    
incaxy                    0028C0 RLA    incsp1                    0028C9 RLA    
popax                     0028D0 RLA    incsp2                    0028D8 RLA    
incsp3                    0028E6 RLA    incsp4                    0028EB RLA    
incsp5                    0028F0 RLA    incsp6                    0028F5 RLA    
incsp8                    0028FA RLA    ldaidx                    0028FF RLA    
ldaxi                     00290B RLA    ldaxidx                   00290D RLA    
ldax0sp                   002918 RLA    ldaxysp                   00291A RLA    
leaa0sp                   002921 RLA    tosltax                   002931 RLA    
boolne                    002937 RLA    booleq                    00293D RLA    
boollt                    002946 RLA    boolgt                    00294C RLA    
tosmoda0                  002963 RLA    tosmodax                  002965 RLA    
tosmulax                  002974 RLA    mul8x16                   0029BB RLA    
mul8x16a                  0029C5 RLA    mulax10                   0029F3 RLA    
mulax7                    002A0C RLA    negax                     002A29 RLA    
popptr1                   002A37 RLA    pusha                     002A49 RLA    
push0                     002A5B RLA    pusha0                    002A5D RLA    
pushax                    002A5F RLA    pushw                     002A75 RLA    
pushwysp                  002A86 RLA    popsargsudiv16            002AA0 RLA    
staspidx                  002AC0 RLA    stax0sp                   002AD6 RLA    
staxysp                   002AD8 RLA    staxspidx                 002AE1 RLA    
subeqysp                  002AFE RLA    subysp                    002B11 RLA    
udiv16                    002B2F RLA    jmpvec                    002CD4 RLA    
__BSS_RUN__               002CD7 RLA    __STACKSTART__            003FFE REA    



Imports list:
-------------
__BSS_RUN__ ([linker generated]):
    startup.o                 src/startup.s(12)
__BSS_SIZE__ ([linker generated]):
    startup.o                 src/startup.s(12)
__STACKSTART__ ([linker generated]):
    startup.o                 src/startup.s(13)
__STARTUP__ (startup.o):
    main.o                    src/main.s(13)
_main (main.o):
    startup.o                 src/startup.s(11)
addeq0sp (addeqsp.o):
    main.o                    src/main.s(3939)
    main.o                    src/main.s(3939)
addeqysp (addeqsp.o):
    main.o                    src/main.s(3939)
    main.o                    src/main.s(3939)
    main.o                    src/main.s(3939)
    main.o                    src/main.s(3939)
addysp (addysp.o):
    incsp8.o                  runtime/incsp8.s(8)
    incsp6.o                  runtime/incsp6.s(8)
    incsp5.o                  runtime/incsp5.s(8)
    incsp4.o                  runtime/incsp4.s(8)
    incsp3.o                  runtime/incsp3.s(8)
    main.o                    src/main.s(3939)
    main.o                    src/main.s(3939)
    main.o                    src/main.s(3939)
    main.o                    src/main.s(3939)
aslax1 (aslax1.o):
    main.o                    src/main.s(3939)
    main.o                    src/main.s(3939)
aslax2 (aslax2.o):
    main.o                    src/main.s(3939)
booleq (makebool.o):
    eq.o                      runtime/eq.s(8)
boolgt (makebool.o):
    gt.o                      runtime/gt.s(8)
boollt (makebool.o):
    lt.o                      runtime/lt.s(8)
boolne (makebool.o):
    main.o                    src/main.s(3939)
callax (call.o):
    main.o                    src/main.s(3939)
decax1 (decax1.o):
    main.o                    src/main.s(3939)
decaxy (decaxy.o):
    main.o                    src/main.s(3939)
    main.o                    src/main.s(3939)
    main.o                    src/main.s(3939)
decsp1 (decsp1.o):
    main.o                    src/main.s(3939)
decsp2 (decsp2.o):
    main.o                    src/main.s(3939)
decsp3 (decsp3.o):
    main.o                    src/main.s(3939)
    main.o                    src/main.s(3939)
decsp4 (decsp4.o):
    main.o                    src/main.s(3939)
decsp5 (decsp5.o):
    main.o                    src/main.s(3939)
decsp7 (decsp7.o):
    main.o                    src/main.s(3939)
incax1 (incax1.o):
    main.o                    src/main.s(3939)
    main.o                    src/main.s(3939)
    main.o                    src/main.s(3939)
    main.o                    src/main.s(3939)
    main.o                    src/main.s(3939)
    main.o                    src/main.s(3939)
    main.o                    src/main.s(3939)
    main.o                    src/main.s(3939)
    main.o                    src/main.s(3939)
    main.o                    src/main.s(3939)
    main.o                    src/main.s(3939)
    main.o                    src/main.s(3939)
incaxy (incaxy.o):
    main.o                    src/main.s(3939)
incsp1 (incsp1.o):
    main.o                    src/main.s(3939)
    main.o                    src/main.s(3939)
    main.o                    src/main.s(3939)
    main.o                    src/main.s(3939)
incsp2 (incsp2.o):
    staxspi.o                 runtime/staxspi.s(9)
    staspidx.o                runtime/staspidx.s(8)
    popptr1.o                 runtime/popptr1.s(8)
    main.o                    src/main.s(3939)
    main.o                    src/main.s(3939)
    main.o                    src/main.s(3939)
incsp3 (incsp3.o):
    main.o                    src/main.s(3939)
incsp4 (incsp4.o):
    main.o                    src/main.s(3939)
incsp5 (incsp5.o):
    main.o                    src/main.s(3939)
    main.o                    src/main.s(3939)
    main.o                    src/main.s(3939)
incsp6 (incsp6.o):
    main.o                    src/main.s(3939)
    main.o                    src/main.s(3939)
incsp8 (incsp8.o):
    main.o                    src/main.s(3939)
jmpvec (jmpvec.o):
    main.o                    src/main.s(3939)
    main.o                    src/main.s(3939)
ldaidx (ldai.o):
    main.o                    src/main.s(3939)
ldax0sp (ldaxsp.o):
    main.o                    src/main.s(3939)
    main.o                    src/main.s(3939)
    main.o                    src/main.s(3939)
    main.o                    src/main.s(3939)
    main.o                    src/main.s(3939)
    main.o                    src/main.s(3939)
    main.o                    src/main.s(3939)
ldaxi (ldaxi.o):
    main.o                    src/main.s(3939)
    main.o                    src/main.s(3939)
ldaxidx (ldaxi.o):
    main.o                    src/main.s(3939)
ldaxysp (ldaxsp.o):
    main.o                    src/main.s(3939)
    main.o                    src/main.s(3939)
    main.o                    src/main.s(3939)
    main.o                    src/main.s(3939)
    main.o                    src/main.s(3939)
    main.o                    src/main.s(3939)
    main.o                    src/main.s(3939)
    main.o                    src/main.s(3939)
    main.o                    src/main.s(3939)
    main.o                    src/main.s(3939)
    main.o                    src/main.s(3939)
    main.o                    src/main.s(3939)
    main.o                    src/main.s(3939)
leaa0sp (leaaxsp.o):
    main.o                    src/main.s(3939)
    main.o                    src/main.s(3939)
mul8x16 (mul8.o):
    mul.o                     runtime/mul.s(8)
mul8x16a (mul8.o):
    mul.o                     runtime/mul.s(8)
mulax10 (mulax10.o):
    main.o                    src/main.s(3939)
    main.o                    src/main.s(3939)
    main.o                    src/main.s(3939)
mulax7 (mulax7.o):
    main.o                    src/main.s(3939)
negax (negabs.o):
    shelp.o                   runtime/shelp.s(11)
    mod.o                     runtime/mod.s(11)
    div.o                     runtime/div.s(11)
    main.o                    src/main.s(3939)
popax (incsp2.o):
    shelp.o                   runtime/shelp.s(11)
popptr1 (popptr1.o):
    udiv.o                    runtime/udiv.s(9)
    mul8.o                    runtime/mul8.s(9)
    mul.o                     runtime/mul.s(9)
popsargsudiv16 (shelp.o):
    mod.o                     runtime/mod.s(11)
    div.o                     runtime/div.s(11)
ptr1 (zeropage.o):
    udiv.o                    runtime/udiv.s(10)
    staxspi.o                 runtime/staxspi.s(10)
    staspidx.o                runtime/staspidx.s(9)
    shelp.o                   runtime/shelp.s(12)
    pushw.o                   runtime/pushw.s(9)
    popptr1.o                 runtime/popptr1.s(9)
    mulax7.o                  runtime/mulax7.s(10)
    mulax10.o                 runtime/mulax10.s(9)
    mul8.o                    runtime/mul8.s(10)
    mul.o                     runtime/mul.s(10)
    ldaxi.o                   runtime/ldaxi.s(8)
    ldai.o                    runtime/ldai.s(8)
    div.o                     runtime/div.s(12)
    call.o                    runtime/call.s(8)
    main.o                    src/main.s(11)
ptr4 (zeropage.o):
    udiv.o                    runtime/udiv.s(10)
    shelp.o                   runtime/shelp.s(12)
    mul8.o                    runtime/mul8.s(10)
    mul.o                     runtime/mul.s(10)
push0 (pushax.o):
    main.o                    src/main.s(3939)
    main.o                    src/main.s(3939)
    main.o                    src/main.s(3939)
pusha (pusha.o):
    main.o                    src/main.s(3939)
    main.o                    src/main.s(3939)
    main.o                    src/main.s(3939)
    main.o                    src/main.s(3939)
    main.o                    src/main.s(3939)
    main.o                    src/main.s(3939)
    main.o                    src/main.s(3939)
    main.o                    src/main.s(3939)
pusha0 (pushax.o):
    main.o                    src/main.s(3939)
    main.o                    src/main.s(3939)
pushax (pushax.o):
    pushw.o                   runtime/pushw.s(8)
    main.o                    src/main.s(3939)
    main.o                    src/main.s(3939)
    main.o                    src/main.s(3939)
    main.o                    src/main.s(3939)
    main.o                    src/main.s(3939)
    main.o                    src/main.s(3939)
    main.o                    src/main.s(3939)
    main.o                    src/main.s(3939)
    main.o                    src/main.s(3939)
    main.o                    src/main.s(3939)
    main.o                    src/main.s(3939)
    main.o                    src/main.s(3939)
    main.o                    src/main.s(3939)
pushw (pushw.o):
    main.o                    src/main.s(3939)
pushwysp (pushwsp.o):
    main.o                    src/main.s(3939)
    main.o                    src/main.s(3939)
    main.o                    src/main.s(3939)
    main.o                    src/main.s(3939)
    main.o                    src/main.s(3939)
    main.o                    src/main.s(3939)
    main.o                    src/main.s(3939)
regsave (zeropage.o):
    main.o                    src/main.s(10)
sp (zeropage.o):
    subysp.o                  runtime/subysp.s(9)
    subeqsp.o                 runtime/subeqsp.s(8)
    staxspi.o                 runtime/staxspi.s(10)
    staxsp.o                  runtime/staxsp.s(8)
    staspidx.o                runtime/staspidx.s(9)
    pushwsp.o                 runtime/pushwsp.s(8)
    pushax.o                  runtime/pushax.s(8)
    pusha.o                   runtime/pusha.s(8)
    popptr1.o                 runtime/popptr1.s(9)
    leaaxsp.o                 runtime/leaaxsp.s(8)
    ldaxsp.o                  runtime/ldaxsp.s(8)
    incsp2.o                  runtime/incsp2.s(8)
    incsp1.o                  runtime/incsp1.s(8)
    icmp.o                    runtime/icmp.s(9)
    decsp7.o                  runtime/decsp7.s(8)
    decsp5.o                  runtime/decsp5.s(8)
    decsp4.o                  runtime/decsp4.s(8)
    decsp3.o                  runtime/decsp3.s(8)
    decsp2.o                  runtime/decsp2.s(8)
    decsp1.o                  runtime/decsp1.s(8)
    addysp.o                  runtime/addysp.s(8)
    addeqsp.o                 runtime/addeqsp.s(8)
    add.o                     runtime/add.s(12)
    main.o                    src/main.s(10)
    startup.o                 src/startup.s(14)
sreg (zeropage.o):
    udiv.o                    runtime/udiv.s(10)
    mod.o                     runtime/mod.s(12)
    icmp.o                    runtime/icmp.s(9)
staspidx (staspidx.o):
    main.o                    src/main.s(3939)
    main.o                    src/main.s(3939)
    main.o                    src/main.s(3939)
    main.o                    src/main.s(3939)
stax0sp (staxsp.o):
    main.o                    src/main.s(3939)
    main.o                    src/main.s(3939)
    main.o                    src/main.s(3939)
    main.o                    src/main.s(3939)
    main.o                    src/main.s(3939)
    main.o                    src/main.s(3939)
    main.o                    src/main.s(3939)
    main.o                    src/main.s(3939)
    main.o                    src/main.s(3939)
    main.o                    src/main.s(3939)
staxspidx (staxspi.o):
    main.o                    src/main.s(3939)
staxysp (staxsp.o):
    main.o                    src/main.s(3939)
    main.o                    src/main.s(3939)
    main.o                    src/main.s(3939)
    main.o                    src/main.s(3939)
    main.o                    src/main.s(3939)
    main.o                    src/main.s(3939)
    main.o                    src/main.s(3939)
    main.o                    src/main.s(3939)
    main.o                    src/main.s(3939)
    main.o                    src/main.s(3939)
    main.o                    src/main.s(3939)
subeqysp (subeqsp.o):
    main.o                    src/main.s(3939)
subysp (subysp.o):
    main.o                    src/main.s(3939)
    main.o                    src/main.s(3939)
    main.o                    src/main.s(3939)
tmp1 (zeropage.o):
    staxspi.o                 runtime/staxspi.s(10)
    staspidx.o                runtime/staspidx.s(9)
    shelp.o                   runtime/shelp.s(12)
    mul.o                     runtime/mul.s(10)
    mod.o                     runtime/mod.s(12)
    incaxy.o                  runtime/incaxy.s(8)
    div.o                     runtime/div.s(12)
    decaxy.o                  runtime/decaxy.s(8)
    aslax2.o                  runtime/aslax2.s(8)
    aslax1.o                  runtime/aslax1.s(8)
    add.o                     runtime/add.s(12)
    main.o                    src/main.s(11)
tmp2 (zeropage.o):
    shelp.o                   runtime/shelp.s(12)
    div.o                     runtime/div.s(12)
tosaddax (add.o):
    main.o                    src/main.s(3939)
    main.o                    src/main.s(3939)
    main.o                    src/main.s(3939)
    main.o                    src/main.s(3939)
    main.o                    src/main.s(3939)
tosdiva0 (div.o):
    main.o                    src/main.s(3939)
tosdivax (div.o):
    main.o                    src/main.s(3939)
toseqax (eq.o):
    main.o                    src/main.s(3939)
tosgtax (gt.o):
    main.o                    src/main.s(3939)
tosicmp (icmp.o):
    lt.o                      runtime/lt.s(8)
    gt.o                      runtime/gt.s(8)
    eq.o                      runtime/eq.s(8)
tosicmp0 (icmp.o):
    main.o                    src/main.s(3939)
tosltax (lt.o):
    main.o                    src/main.s(3939)
tosmoda0 (mod.o):
    main.o                    src/main.s(3939)
tosmodax (mod.o):
    main.o                    src/main.s(3939)
tosmulax (mul.o):
    main.o                    src/main.s(3939)
    main.o                    src/main.s(3939)
udiv16 (udiv.o):
    shelp.o                   runtime/shelp.s(11)

